// Jest Snapshot v1, https://goo.gl/fbAQLP

exports[`Home page should render the home page as expected 1`] = `
<div
  className="sc-hKwDye jQoBYu"
>
  <h1
    className="sc-bdvvtL fOrCqx"
    id="homepage-title"
  >
    Good 
    <span
      className="sc-dkPtRN dmoJZt"
    >
      afternoon
    </span>
    , I'm Katie
  </h1>
  <p>
    I'm a UK based Software Engineer working at Spotify ðŸŽµ
  </p>
  <a
    href="/contact"
    onClick={[Function]}
  >
    <button
      className="sc-gsDKAQ fhvAAj"
      data-qa-id="hello-btn"
    >
      Say hello
    </button>
  </a>
</div>
`;
